# CLAP instrument lane (feature row 79, board task #669) - raw evidence, unpiped
# branch 030/clap-instrument, base d7a402041, worktree zene-030/wclapin

$ cmake -S . -B build -DCMAKE_BUILD_TYPE=RelWithDebInfo -DWANT_CLAP=ON -DWANT_VST3=OFF -DWANT_QT6=ON -DWANT_DEBUG_CPACK=OFF -DUSE_COMPILE_CACHE=OFF
EXIT=0
-- Found CLAP 1.2.10 headers (MIT) at /home/kruzzzzy/Documents/AI_KOS_PROJECT/projects/lmms-fl-research/zene-030/wclapin/build/clap/include
-- Found CLAP 1.2.10 headers (MIT) at /home/kruzzzzy/Documents/AI_KOS_PROJECT/projects/lmms-fl-research/zene-030/wclapin/build/clap/include
-- Configuring done (4.8s)
-- Generating done (2.3s)

$ cmake --build build --target clap-test-instrument clap-test-gain ClapHostTest -j2
EXIT=0   (first attempt EXIT=2: a malformed tests/src/plugins/ClapHostTest.cpp edit - 'inputPointers' was not declared; fixed, rebuilt EXIT=0)
-rwxrwxr-x 1 kruzzzzy kruzzzzy 43952 Sep 16 11:53 build/tests/data/clap-test-plugin/clap-test-gain.clap
-rwxrwxr-x 1 kruzzzzy kruzzzzy 45904 Sep 16 11:53 build/tests/data/clap-test-plugin/clap-test-instrument.clap

$ cd build/tests && ./ClapHostTest ; echo EXIT=$?
********* Start testing of lmms::clap::ClapHostTest *********
Config: Using QtTest library 6.4.2, Qt 6.4.2 (x86_64-little_endian-lp64 shared (dynamic) release build; by GCC 13.2.0), ubuntu 24.04
PASS   : lmms::clap::ClapHostTest::initTestCase()
PASS   : lmms::clap::ClapHostTest::testModuleListing()
PASS   : lmms::clap::ClapHostTest::testIdentity()
PASS   : lmms::clap::ClapHostTest::testParameters()
PASS   : lmms::clap::ClapHostTest::testParameterSetGet()
QINFO  : lmms::clap::ClapHostTest::testStateRoundTrip() state round trip: saved 120 bytes
PASS   : lmms::clap::ClapHostTest::testStateRoundTrip()
QINFO  : lmms::clap::ClapHostTest::testAudioGain() MEASURED input RMS 0.500000 -> gain 0.5 output RMS 0.250000
QINFO  : lmms::clap::ClapHostTest::testAudioGain() MEASURED input RMS 0.500000 -> gain 1.0 output RMS 0.500000
PASS   : lmms::clap::ClapHostTest::testAudioGain()
QINFO  : lmms::clap::ClapHostTest::testAudioSilenceWhenGainIsZero() MEASURED input RMS 0.500000 -> gain 0.0 output RMS 0.000000
PASS   : lmms::clap::ClapHostTest::testAudioSilenceWhenGainIsZero()
QINFO  : lmms::clap::ClapHostTest::testBypass() MEASURED bypass=1 with gain 0.1 -> output RMS 0.500000
QINFO  : lmms::clap::ClapHostTest::testBypass() MEASURED bypass=0 with gain 0.1 -> output RMS 0.050000
PASS   : lmms::clap::ClapHostTest::testBypass()
PASS   : lmms::clap::ClapHostTest::testChannelPartition()
QINFO  : lmms::clap::ClapHostTest::testChunkedProcessing() MEASURED chunk sequence for a 1061-frame request into a 512-frame block: 512, 512, 37
QINFO  : lmms::clap::ClapHostTest::testChunkedProcessing() MEASURED same 1061 frames, one instance asked for 512-frame blocks and one for 1061-frame blocks: identical output
PASS   : lmms::clap::ClapHostTest::testChunkedProcessing()
PASS   : lmms::clap::ClapHostTest::testEffectRefusesNotes()
QINFO  : lmms::clap::ClapHostTest::testInstrumentNotePath() MEASURED 256-frame request into a 64-frame block: 4 plug-in calls, 1 note(s) delivered, audio level 0.250000
PASS   : lmms::clap::ClapHostTest::testInstrumentNotePath()
PASS   : lmms::clap::ClapHostTest::cleanupTestCase()
Totals: 14 passed, 0 failed, 0 skipped, 0 blacklisted, 7ms
********* Finished testing of lmms::clap::ClapHostTest *********
EXIT=0

# full semantic compiles, -fsyntax-only with each target's own flags (flags.make):
EXIT=0  src/core/PluginHostNotes.cpp
EXIT=0  src/core/ControlCommandsHostNotes.cpp
EXIT=0  src/core/ControlDeviceClap.cpp
EXIT=0  src/core/ControlReversibilityTableClapInstrument.cpp
EXIT=0  src/core/ControlCommandsPlugin.cpp
EXIT=0  src/core/ControlDeviceCatalogue.cpp
EXIT=0  src/core/ControlDeviceHosted.cpp
EXIT=0  plugins/ClapInstrument/ClapInstrument.cpp
EXIT=0  plugins/ClapInstrument/ClapInstrumentView.cpp
EXIT=0  plugins/ClapEffect/ClapHost.cpp
EXIT=0  tests/src/core/ControlDeviceCatalogueTest.cpp  (moc generated by hand for the check)

# the one real compile error this lane hit, and its fix:
src/core/ControlDeviceClap.cpp:185:42: error: no matching function for call to 'QString::fromLatin1(const QString&)'
  -> '*pluginName = QString::fromLatin1(hostName);' became '*pluginName = hostName;' (hostName is a QString)

$ bash tests/all-sources-reproduce.sh ; echo EXIT=$?
EXIT=0
REPRODUCES: the entry list in all-sources.txt is the recipe's own output.

$ <the fork-sources.txt 'Verify it' recipe, lines 28-48 of that file>
EXIT=0
REPRODUCES

$ bash tests/fork-sources-gate.sh ; echo EXIT=$?
EXIT=0
  40 tools-sources (fork tooling), 0 stale entry(ies).

PASS: every tracked source in scope is registered (639 fork-NEW, 1104 inherited, 40 tooling).

$ bash tests/file-length-gate.sh ; echo EXIT=$?
EXIT=1
REGRESSION: new file over 500 lines: include/ControlRegistryGroups.h (684)
REGRESSION: new file over 500 lines: include/ControlRegistry.h (509)
REGRESSION: new file over 500 lines: include/ControlReversibility.h (528)
REGRESSION: plugins/ClapEffect/ClapHost.cpp grew 953 -> 1143 lines
REGRESSION: plugins/Vst3Effect/Vst3Host.cpp grew 800 -> 891 lines
REGRESSION: new file over 500 lines: src/core/ControlCommandsNotes.cpp (512)
REGRESSION: new file over 500 lines: src/core/ControlCommandsProject.cpp (510)
REGRESSION: new file over 500 lines: src/core/ControlCommandsWarpEdit.cpp (510)
REGRESSION: new file over 500 lines: src/core/ControlReversibilityTablePassive.cpp (518)
REGRESSION: new file over 500 lines: tests/control-session-api-proof.py (889)
REGRESSION: new file over 500 lines: tests/control-stable-ids-slice2.py (549)
REGRESSION: new file over 500 lines: tests/src/core/ControlRegistryTest.cpp (505)
FAIL: file-length ratchet regressed (baseline unchanged)
# the 8 'new file over 500' lines other than ClapHost.cpp are inherited (identical at d7a402041);
# ClapHost.cpp 953 -> 1143 (and 1158 after the scanNotePorts refactor) is this lane's one open ratchet item.

$ bash tests/complexity-gate.sh ; echo EXIT=$?
EXIT=1  (57 inherited regression lines in other lanes' files; NONE is this lane's)
# this lane's function, before/after the scanNotePorts refactor:
  36       176    210    lmms::clap::HostedPlugin::load@654-863@plugins/ClapEffect/ClapHost.cpp
REGRESSION: lmms::clap::HostedPlugin::load@654-863@plugins/ClapEffect/ClapHost.cpp CCN rose 31 -> 36
-> after:
  28       139    162    lmms::clap::HostedPlugin::load@717-878@plugins/ClapEffect/ClapHost.cpp
