[  0%] Built target zene_api_autogen_timestamp_deps
[  5%] Built target lua
[  5%] Built target ringbuffer
[  5%] Built target weakjack
[  5%] Built target zene_api_autogen
[ 15%] Built target zene_api
[ 15%] Built target lmmsobjs_autogen_timestamp_deps
[ 15%] Built target lmmsobjs_autogen
[100%] Built target lmmsobjs
[100%] Built target zene_autogen_timestamp_deps
[100%] Built target zene_autogen
[100%] Built target zene
[  0%] Built target zene_api_autogen_timestamp_deps
[  5%] Built target lua
[  5%] Built target ringbuffer
[  5%] Built target weakjack
[  5%] Built target zene_api_autogen
[ 15%] Built target zene_api
[ 15%] Built target lmmsobjs_autogen_timestamp_deps
[ 15%] Built target lmmsobjs_autogen
[100%] Built target lmmsobjs
[100%] Built target ControlSampleOperatorTest_autogen_timestamp_deps
[100%] Automatic MOC for target ControlSampleOperatorTest
[100%] Built target ControlSampleOperatorTest_autogen
[100%] Building CXX object tests/CMakeFiles/ControlSampleOperatorTest.dir/src/core/ControlSampleOperatorTest.cpp.o
[100%] Linking CXX executable ControlSampleOperatorTest
[100%] Built target ControlSampleOperatorTest
[  0%] Built target zene_api_autogen_timestamp_deps
[  5%] Built target lua
[  5%] Built target ringbuffer
[  5%] Built target weakjack
[  5%] Built target zene_api_autogen
[ 15%] Built target zene_api
[ 15%] Built target lmmsobjs_autogen_timestamp_deps
[ 15%] Built target lmmsobjs_autogen
[100%] Built target lmmsobjs
[100%] Built target ReversibilityContractTest_autogen_timestamp_deps
[100%] Automatic MOC for target ReversibilityContractTest
[100%] Built target ReversibilityContractTest_autogen
[100%] Building CXX object tests/CMakeFiles/ReversibilityContractTest.dir/ReversibilityContractTest_autogen/mocs_compilation.cpp.o
[100%] Building CXX object tests/CMakeFiles/ReversibilityContractTest.dir/src/core/ReversibilityContractTest.cpp.o
[100%] Linking CXX executable ReversibilityContractTest
[100%] Built target ReversibilityContractTest
[  0%] Built target zene_api_autogen_timestamp_deps
[  5%] Built target lua
[  5%] Built target ringbuffer
[  5%] Built target weakjack
[  5%] Built target zene_api_autogen
[ 15%] Built target zene_api
[ 15%] Built target lmmsobjs_autogen_timestamp_deps
[ 15%] Built target lmmsobjs_autogen
[100%] Built target lmmsobjs
[100%] Built target ControlRegistryTest_autogen_timestamp_deps
[100%] Automatic MOC for target ControlRegistryTest
[100%] Built target ControlRegistryTest_autogen
[100%] Building CXX object tests/CMakeFiles/ControlRegistryTest.dir/src/core/ControlRegistryTest.cpp.o
[100%] Building CXX object tests/CMakeFiles/ControlRegistryTest.dir/ControlRegistryTest_autogen/mocs_compilation.cpp.o
[100%] Linking CXX executable ControlRegistryTest
[100%] Built target ControlRegistryTest
[  0%] Built target zene_api_autogen_timestamp_deps
[  5%] Built target lua
[  5%] Built target ringbuffer
[  5%] Built target weakjack
[  5%] Built target zene_api_autogen
[ 15%] Built target zene_api
[ 15%] Built target lmmsobjs_autogen_timestamp_deps
[ 15%] Built target lmmsobjs_autogen
[100%] Built target lmmsobjs
[100%] Built target ControlVerbInverseTest_autogen_timestamp_deps
[100%] Automatic MOC for target ControlVerbInverseTest
[100%] Built target ControlVerbInverseTest_autogen
[100%] Building CXX object tests/CMakeFiles/ControlVerbInverseTest.dir/src/core/ControlVerbInverseTest.cpp.o
[100%] Building CXX object tests/CMakeFiles/ControlVerbInverseTest.dir/ControlVerbInverseTest_autogen/mocs_compilation.cpp.o
[100%] Linking CXX executable ControlVerbInverseTest
[100%] Built target ControlVerbInverseTest
[  0%] Built target zene_api_autogen_timestamp_deps
[  5%] Built target lua
[  5%] Built target ringbuffer
[  5%] Built target weakjack
[  5%] Built target zene_api_autogen
[ 15%] Built target zene_api
[ 15%] Built target lmmsobjs_autogen_timestamp_deps
[ 15%] Built target lmmsobjs_autogen
[100%] Built target lmmsobjs
[100%] Built target ControlWarpCommandsTest_autogen_timestamp_deps
[100%] Automatic MOC for target ControlWarpCommandsTest
[100%] Built target ControlWarpCommandsTest_autogen
[100%] Building CXX object tests/CMakeFiles/ControlWarpCommandsTest.dir/ControlWarpCommandsTest_autogen/mocs_compilation.cpp.o
[100%] Building CXX object tests/CMakeFiles/ControlWarpCommandsTest.dir/src/core/ControlWarpCommandsTest.cpp.o
[100%] Linking CXX executable ControlWarpCommandsTest
[100%] Built target ControlWarpCommandsTest
[  0%] Built target zene_api_autogen_timestamp_deps
[  5%] Built target lua
[  5%] Built target ringbuffer
[  5%] Built target weakjack
[  5%] Built target zene_api_autogen
[ 15%] Built target zene_api
[ 15%] Built target lmmsobjs_autogen_timestamp_deps
[ 15%] Built target lmmsobjs_autogen
[100%] Built target lmmsobjs
[100%] Built target ControlSurfaceReferenceTest_autogen_timestamp_deps
[100%] Automatic MOC for target ControlSurfaceReferenceTest
[100%] Built target ControlSurfaceReferenceTest_autogen
[100%] Building CXX object tests/CMakeFiles/ControlSurfaceReferenceTest.dir/src/core/ControlSurfaceReferenceTest.cpp.o
[100%] Building CXX object tests/CMakeFiles/ControlSurfaceReferenceTest.dir/ControlSurfaceReferenceTest_autogen/mocs_compilation.cpp.o
[100%] Linking CXX executable ControlSurfaceReferenceTest
[100%] Built target ControlSurfaceReferenceTest
EXIT=0
