[  0%] Built target zene_api_autogen_timestamp_deps
[  0%] Building C object src/3rdparty/lua/CMakeFiles/lua.dir/lapi.c.o
[  0%] Building CXX object src/3rdparty/CMakeFiles/ringbuffer.dir/ringbuffer/src/lib/ringbuffer.cpp.o
[  0%] Built target ringbuffer
[  0%] Building C object src/3rdparty/weakjack/CMakeFiles/weakjack.dir/weakjack/weak_libjack.c.o
[  0%] Building C object src/3rdparty/lua/CMakeFiles/lua.dir/lauxlib.c.o
[  0%] Linking C static library libweakjack.a
[  0%] Built target weakjack
[  0%] Building C object src/3rdparty/lua/CMakeFiles/lua.dir/lbaselib.c.o
[  0%] Building C object src/3rdparty/lua/CMakeFiles/lua.dir/lcode.c.o
[  0%] Building C object src/3rdparty/lua/CMakeFiles/lua.dir/lcorolib.c.o
[  0%] Building C object src/3rdparty/lua/CMakeFiles/lua.dir/lctype.c.o
[  0%] Building C object src/3rdparty/lua/CMakeFiles/lua.dir/ldblib.c.o
[  0%] Building C object src/3rdparty/lua/CMakeFiles/lua.dir/ldebug.c.o
[  0%] Building C object src/3rdparty/lua/CMakeFiles/lua.dir/ldo.c.o
[  0%] Building C object src/3rdparty/lua/CMakeFiles/lua.dir/ldump.c.o
[  0%] Building C object src/3rdparty/lua/CMakeFiles/lua.dir/lfunc.c.o
[  0%] Building C object src/3rdparty/lua/CMakeFiles/lua.dir/lgc.c.o
[  0%] Building C object src/3rdparty/lua/CMakeFiles/lua.dir/linit.c.o
[  0%] Building C object src/3rdparty/lua/CMakeFiles/lua.dir/liolib.c.o
[  0%] Building C object src/3rdparty/lua/CMakeFiles/lua.dir/llex.c.o
[  0%] Building C object src/3rdparty/lua/CMakeFiles/lua.dir/lmathlib.c.o
[  0%] Building C object src/3rdparty/lua/CMakeFiles/lua.dir/lmem.c.o
[  0%] Building C object src/3rdparty/lua/CMakeFiles/lua.dir/loadlib.c.o
[  0%] Building C object src/3rdparty/lua/CMakeFiles/lua.dir/lobject.c.o
[  0%] Building C object src/3rdparty/lua/CMakeFiles/lua.dir/lopcodes.c.o
[  0%] Building C object src/3rdparty/lua/CMakeFiles/lua.dir/loslib.c.o
[  0%] Building C object src/3rdparty/lua/CMakeFiles/lua.dir/lparser.c.o
[  0%] Building C object src/3rdparty/lua/CMakeFiles/lua.dir/lstate.c.o
[  0%] Building C object src/3rdparty/lua/CMakeFiles/lua.dir/lstring.c.o
[  0%] Building C object src/3rdparty/lua/CMakeFiles/lua.dir/lstrlib.c.o
[  5%] Building C object src/3rdparty/lua/CMakeFiles/lua.dir/ltable.c.o
[  5%] Building C object src/3rdparty/lua/CMakeFiles/lua.dir/ltablib.c.o
[  5%] Building C object src/3rdparty/lua/CMakeFiles/lua.dir/ltm.c.o
[  5%] Building C object src/3rdparty/lua/CMakeFiles/lua.dir/lundump.c.o
[  5%] Building C object src/3rdparty/lua/CMakeFiles/lua.dir/lutf8lib.c.o
[  5%] Building C object src/3rdparty/lua/CMakeFiles/lua.dir/lvm.c.o
[  5%] Building C object src/3rdparty/lua/CMakeFiles/lua.dir/lzio.c.o
[  5%] Automatic UIC for target zene_api
[  5%] Built target zene_api_autogen
[  5%] Building CXX object src/CMakeFiles/zene_api.dir/core/ControlRegistry.cpp.o
[  5%] Linking C static library liblua.a
[  5%] Built target lua
[  5%] Building CXX object src/CMakeFiles/zene_api.dir/core/ControlRegistryRegistrations.cpp.o
[  5%] Building CXX object src/CMakeFiles/zene_api.dir/core/ControlReversibility.cpp.o
[  5%] Building CXX object src/CMakeFiles/zene_api.dir/core/ControlTransactions.cpp.o
[  5%] Building CXX object src/CMakeFiles/zene_api.dir/core/ControlUndoCoalescing.cpp.o
[  5%] Building CXX object src/CMakeFiles/zene_api.dir/core/ControlSchema.cpp.o
[  5%] Building CXX object src/CMakeFiles/zene_api.dir/core/ControlVocabulary.cpp.o
[  5%] Building CXX object src/CMakeFiles/zene_api.dir/core/ControlReversibilityTable.cpp.o
[  5%] Building CXX object src/CMakeFiles/zene_api.dir/core/ControlReversibilityTableAction.cpp.o
[  5%] Building CXX object src/CMakeFiles/zene_api.dir/core/ControlReversibilityTableArchive.cpp.o
[  5%] Building CXX object src/CMakeFiles/zene_api.dir/core/ControlReversibilityTableAutomationModes.cpp.o
[  5%] Building CXX object src/CMakeFiles/zene_api.dir/core/ControlReversibilityTableAutomationRamp.cpp.o
[  5%] Building CXX object src/CMakeFiles/zene_api.dir/core/ControlReversibilityTableChain.cpp.o
[  5%] Building CXX object src/CMakeFiles/zene_api.dir/core/ControlReversibilityTableChord.cpp.o
[  5%] Building CXX object src/CMakeFiles/zene_api.dir/core/ControlReversibilityTableController.cpp.o
[  5%] Building CXX object src/CMakeFiles/zene_api.dir/core/ControlReversibilityTableClapInstrument.cpp.o
[  5%] Building CXX object src/CMakeFiles/zene_api.dir/core/ControlReversibilityTableDawProject.cpp.o
[  5%] Building CXX object src/CMakeFiles/zene_api.dir/core/ControlReversibilityTableDetect.cpp.o
[  5%] Building CXX object src/CMakeFiles/zene_api.dir/core/ControlReversibilityTableExportPresets.cpp.o
[  5%] Building CXX object src/CMakeFiles/zene_api.dir/core/ControlReversibilityTableHostChunking.cpp.o
[  5%] Building CXX object src/CMakeFiles/zene_api.dir/core/ControlReversibilityTableInterchange.cpp.o
[  5%] Building CXX object src/CMakeFiles/zene_api.dir/core/ControlReversibilityTableLive.cpp.o
[  5%] Building CXX object src/CMakeFiles/zene_api.dir/core/ControlReversibilityTableMastering.cpp.o
[  5%] Building CXX object src/CMakeFiles/zene_api.dir/core/ControlReversibilityTableMeter.cpp.o
[  5%] Building CXX object src/CMakeFiles/zene_api.dir/core/ControlReversibilityTableMidiReconnect.cpp.o
[  5%] Building CXX object src/CMakeFiles/zene_api.dir/core/ControlReversibilityTableMmpzGit.cpp.o
[  5%] Building CXX object src/CMakeFiles/zene_api.dir/core/ControlReversibilityTableNoteScale.cpp.o
[  5%] Building CXX object src/CMakeFiles/zene_api.dir/core/ControlReversibilityTableOutOfProcess.cpp.o
[  5%] Building CXX object src/CMakeFiles/zene_api.dir/core/ControlReversibilityTablePassive.cpp.o
[  5%] Building CXX object src/CMakeFiles/zene_api.dir/core/ControlReversibilityTableRecording.cpp.o
[  5%] Building CXX object src/CMakeFiles/zene_api.dir/core/ControlReversibilityTableRevisions.cpp.o
[ 10%] Building CXX object src/CMakeFiles/zene_api.dir/core/ControlReversibilityTableRouting.cpp.o
[ 10%] Building CXX object src/CMakeFiles/zene_api.dir/core/ControlReversibilityTableSafeStart.cpp.o
[ 10%] Building CXX object src/CMakeFiles/zene_api.dir/core/ControlReversibilityTableSample.cpp.o
[ 10%] Building CXX object src/CMakeFiles/zene_api.dir/core/ControlReversibilityTableScanAndCrash.cpp.o
[ 10%] Building CXX object src/CMakeFiles/zene_api.dir/core/ControlReversibilityTableSessionView.cpp.o
[ 10%] Building CXX object src/CMakeFiles/zene_api.dir/core/ControlReversibilityTableSnapshot.cpp.o
[ 10%] Building CXX object src/CMakeFiles/zene_api.dir/core/ControlReversibilityTableStems.cpp.o
[ 10%] Building CXX object src/CMakeFiles/zene_api.dir/core/ControlReversibilityTableStructure.cpp.o
[ 10%] Building CXX object src/CMakeFiles/zene_api.dir/core/ControlReversibilityTableTrackFolder.cpp.o
[ 10%] Building CXX object src/CMakeFiles/zene_api.dir/core/ControlReversibilityTableVca.cpp.o
[ 10%] Building CXX object src/CMakeFiles/zene_api.dir/core/ControlReversibilityTableVerbs.cpp.o
[ 10%] Building CXX object src/CMakeFiles/zene_api.dir/core/ControlReversibilityTableWasmRender.cpp.o
[ 10%] Linking CXX static library libzene_api.a
[ 15%] Built target zene_api
[ 15%] Built target lmmsobjs_autogen_timestamp_deps
[ 15%] Automatic MOC and UIC for target lmmsobjs
AutoMoc: /home/kruzzzzy/Documents/AI_KOS_PROJECT/projects/zene-studio-program/zene-706/include/AudioSoundIo.h:0:1: note: No relevant classes found. No output generated.
AutoMoc: /home/kruzzzzy/Documents/AI_KOS_PROJECT/projects/zene-studio-program/zene-706/include/MidiApple.h:0:1: note: No relevant classes found. No output generated.
AutoMoc: /home/kruzzzzy/Documents/AI_KOS_PROJECT/projects/zene-studio-program/zene-706/include/MidiWinMM.h:0:1: note: No relevant classes found. No output generated.
[ 15%] Built target lmmsobjs_autogen
[ 15%] Generating lmms.qrc
[ 15%] Generating qrc_lmms.cpp
[ 15%] Building CXX object src/CMakeFiles/lmmsobjs.dir/core/AudioBuffer.cpp.o
[ 15%] Building CXX object src/CMakeFiles/lmmsobjs.dir/lmmsobjs_autogen/mocs_compilation.cpp.o
[ 15%] Building CXX object src/CMakeFiles/lmmsobjs.dir/core/AudioBus.cpp.o
[ 15%] Building CXX object src/CMakeFiles/lmmsobjs.dir/core/AudioBusHandle.cpp.o
[ 15%] Building CXX object src/CMakeFiles/lmmsobjs.dir/core/AudioEngine.cpp.o
[ 15%] Building CXX object src/CMakeFiles/lmmsobjs.dir/core/AudioEngineProfiler.cpp.o
[ 15%] Building CXX object src/CMakeFiles/lmmsobjs.dir/core/AudioEngineWorkerThread.cpp.o
[ 15%] Building CXX object src/CMakeFiles/lmmsobjs.dir/core/AudioPortsModel.cpp.o
[ 15%] Building CXX object src/CMakeFiles/lmmsobjs.dir/core/AudioResampler.cpp.o
[ 15%] Building CXX object src/CMakeFiles/lmmsobjs.dir/core/AudioStretcher.cpp.o
[ 15%] Building CXX object src/CMakeFiles/lmmsobjs.dir/core/AutomatableModel.cpp.o
[ 15%] Building CXX object src/CMakeFiles/lmmsobjs.dir/core/AutomationClip.cpp.o
[ 15%] Building CXX object src/CMakeFiles/lmmsobjs.dir/core/AutomationNode.cpp.o
[ 15%] Building CXX object src/CMakeFiles/lmmsobjs.dir/core/AutomationRamp.cpp.o
[ 15%] Building CXX object src/CMakeFiles/lmmsobjs.dir/core/BandLimitedWave.cpp.o
[ 15%] Building CXX object src/CMakeFiles/lmmsobjs.dir/core/base64.cpp.o
[ 15%] Building CXX object src/CMakeFiles/lmmsobjs.dir/core/BrowserCatalog.cpp.o
[ 15%] Building CXX object src/CMakeFiles/lmmsobjs.dir/core/BrowserMetadata.cpp.o
[ 15%] Building CXX object src/CMakeFiles/lmmsobjs.dir/core/BrowserPeakCache.cpp.o
[ 21%] Building CXX object src/CMakeFiles/lmmsobjs.dir/core/BrowserTagStore.cpp.o
[ 21%] Building CXX object src/CMakeFiles/lmmsobjs.dir/core/ImportDetectionDsp.cpp.o
[ 21%] Building CXX object src/CMakeFiles/lmmsobjs.dir/core/ImportDetectionKey.cpp.o
[ 21%] Building CXX object src/CMakeFiles/lmmsobjs.dir/core/ImportDetectionSpectrum.cpp.o
[ 21%] Building CXX object src/CMakeFiles/lmmsobjs.dir/core/ImportDetection.cpp.o
[ 21%] Building CXX object src/CMakeFiles/lmmsobjs.dir/core/ProjectKey.cpp.o
[ 21%] Building CXX object src/CMakeFiles/lmmsobjs.dir/core/BounceInPlace.cpp.o
[ 21%] Building CXX object src/CMakeFiles/lmmsobjs.dir/core/BufferManager.cpp.o
[ 21%] Building CXX object src/CMakeFiles/lmmsobjs.dir/core/Clipboard.cpp.o
[ 21%] Building CXX object src/CMakeFiles/lmmsobjs.dir/core/ComboBoxModel.cpp.o
[ 21%] Building CXX object src/CMakeFiles/lmmsobjs.dir/core/ConfigManager.cpp.o
[ 21%] Building CXX object src/CMakeFiles/lmmsobjs.dir/core/CrashReporter.cpp.o
[ 21%] Building CXX object src/CMakeFiles/lmmsobjs.dir/core/CrashReporterFormat.cpp.o
[ 21%] Building CXX object src/CMakeFiles/lmmsobjs.dir/core/CrashReporterWindows.cpp.o
[ 21%] Building CXX object src/CMakeFiles/lmmsobjs.dir/core/SafeStart.cpp.o
[ 21%] Building CXX object src/CMakeFiles/lmmsobjs.dir/core/ControlCommandsArrangement.cpp.o
[ 21%] Building CXX object src/CMakeFiles/lmmsobjs.dir/core/ControlCommandsClip.cpp.o
[ 21%] Building CXX object src/CMakeFiles/lmmsobjs.dir/core/ControlCommandsClipEdits.cpp.o
[ 21%] Building CXX object src/CMakeFiles/lmmsobjs.dir/core/ControlCommandsClipTrim.cpp.o
[ 21%] Building CXX object src/CMakeFiles/lmmsobjs.dir/core/ClipLinks.cpp.o
[ 21%] Building CXX object src/CMakeFiles/lmmsobjs.dir/core/ControlCommandsClipLink.cpp.o
[ 21%] Building CXX object src/CMakeFiles/lmmsobjs.dir/core/ControlCommandsClipLinkState.cpp.o
[ 21%] Building CXX object src/CMakeFiles/lmmsobjs.dir/core/ControlCommandsSample.cpp.o
[ 21%] Building CXX object src/CMakeFiles/lmmsobjs.dir/core/ControlCommandsSampleEdit.cpp.o
[ 21%] Building CXX object src/CMakeFiles/lmmsobjs.dir/core/SampleOperators.cpp.o
[ 21%] Building CXX object src/CMakeFiles/lmmsobjs.dir/core/ControlCommandsClock.cpp.o
[ 21%] Building CXX object src/CMakeFiles/lmmsobjs.dir/core/ControlCommandsComp.cpp.o
[ 21%] Building CXX object src/CMakeFiles/lmmsobjs.dir/core/ControlCommandsCompEdits.cpp.o
[ 21%] Building CXX object src/CMakeFiles/lmmsobjs.dir/core/ClipEdits.cpp.o
[ 21%] Building CXX object src/CMakeFiles/lmmsobjs.dir/core/ControlAutomationSupport.cpp.o
[ 21%] Building CXX object src/CMakeFiles/lmmsobjs.dir/core/ControlBrowserSupport.cpp.o
[ 21%] Building CXX object src/CMakeFiles/lmmsobjs.dir/core/ControlCommandsAutomation.cpp.o
[ 26%] Building CXX object src/CMakeFiles/lmmsobjs.dir/core/ControlCommandsAutomationEdit.cpp.o
[ 26%] Building CXX object src/CMakeFiles/lmmsobjs.dir/core/ControlCommandsAutomationRamp.cpp.o
[ 26%] Building CXX object src/CMakeFiles/lmmsobjs.dir/core/ControlCommandsBrowser.cpp.o
[ 26%] Building CXX object src/CMakeFiles/lmmsobjs.dir/core/ControlCommandsBrowserTags.cpp.o
[ 26%] Building CXX object src/CMakeFiles/lmmsobjs.dir/core/ControlCommandsControl.cpp.o
[ 26%] Building CXX object src/CMakeFiles/lmmsobjs.dir/core/ControlCompSupport.cpp.o
[ 26%] Building CXX object src/CMakeFiles/lmmsobjs.dir/core/ControlCommandsDsp.cpp.o
[ 26%] Building CXX object src/CMakeFiles/lmmsobjs.dir/core/ControlCommandsIdContract.cpp.o
[ 26%] Building CXX object src/CMakeFiles/lmmsobjs.dir/core/ControlCommandsMixer.cpp.o
[ 26%] Building CXX object src/CMakeFiles/lmmsobjs.dir/core/ControlMixerSupport.cpp.o
[ 26%] Building CXX object src/CMakeFiles/lmmsobjs.dir/core/ControlCommandsMixerRoutes.cpp.o
[ 26%] Building CXX object src/CMakeFiles/lmmsobjs.dir/core/ControlCommandsPdc.cpp.o
[ 26%] Building CXX object src/CMakeFiles/lmmsobjs.dir/core/ControlCommandsRouting.cpp.o
[ 26%] Building CXX object src/CMakeFiles/lmmsobjs.dir/core/ControlCommandsBus.cpp.o
[ 26%] Building CXX object src/CMakeFiles/lmmsobjs.dir/core/ControlCommandsPorts.cpp.o
[ 26%] Building CXX object src/CMakeFiles/lmmsobjs.dir/core/ControlCommandsPatcher.cpp.o
[ 26%] Building CXX object src/CMakeFiles/lmmsobjs.dir/core/ControlCommandsPatcherEdit.cpp.o
[ 26%] Building CXX object src/CMakeFiles/lmmsobjs.dir/core/ControlMasteringSupport.cpp.o
[ 26%] Building CXX object src/CMakeFiles/lmmsobjs.dir/core/ControlCommandsMastering.cpp.o
[ 26%] Building CXX object src/CMakeFiles/lmmsobjs.dir/core/ControlCommandsMasteringRun.cpp.o
[ 26%] Building CXX object src/CMakeFiles/lmmsobjs.dir/core/ControlDetectSupport.cpp.o
[ 26%] Building CXX object src/CMakeFiles/lmmsobjs.dir/core/ControlCommandsDetect.cpp.o
[ 26%] Building CXX object src/CMakeFiles/lmmsobjs.dir/core/ControlCommandsDetectApply.cpp.o
[ 26%] Building CXX object src/CMakeFiles/lmmsobjs.dir/core/ControlCommandsMeter.cpp.o
[ 26%] Building CXX object src/CMakeFiles/lmmsobjs.dir/core/ControlCommandsMeterFile.cpp.o
[ 26%] Building CXX object src/CMakeFiles/lmmsobjs.dir/core/MasterLoudnessTap.cpp.o
[ 26%] Building CXX object src/CMakeFiles/lmmsobjs.dir/core/ControlCommandsInterchange.cpp.o
[ 26%] Building CXX object src/CMakeFiles/lmmsobjs.dir/core/ControlCommandsDawProject.cpp.o
[ 26%] Building CXX object src/CMakeFiles/lmmsobjs.dir/core/ControlCommandsModulator.cpp.o
[ 26%] Building CXX object src/CMakeFiles/lmmsobjs.dir/core/ControlCommandsModulatorRoutes.cpp.o
[ 26%] Building CXX object src/CMakeFiles/lmmsobjs.dir/core/ControlCommandsNoteExpression.cpp.o
[ 26%] Building CXX object src/CMakeFiles/lmmsobjs.dir/core/ControlCommandsMidi.cpp.o
[ 31%] Building CXX object src/CMakeFiles/lmmsobjs.dir/core/ControlCommandsMidiReconnect.cpp.o
[ 31%] Building CXX object src/CMakeFiles/lmmsobjs.dir/core/ControlCommandsMidiReconnectEdit.cpp.o
[ 31%] Building CXX object src/CMakeFiles/lmmsobjs.dir/core/ControlCommandsNotes.cpp.o
[ 31%] Building CXX object src/CMakeFiles/lmmsobjs.dir/core/ControlCommandsNoteProbability.cpp.o
[ 31%] Building CXX object src/CMakeFiles/lmmsobjs.dir/core/ControlNoteShared.cpp.o
[ 31%] Building CXX object src/CMakeFiles/lmmsobjs.dir/core/ControlCommandsNoteRandom.cpp.o
[ 31%] Building CXX object src/CMakeFiles/lmmsobjs.dir/core/ControlCommandsNoteSlide.cpp.o
[ 31%] Building CXX object src/CMakeFiles/lmmsobjs.dir/core/ControlCommandsNoteTransform.cpp.o
[ 31%] Building CXX object src/CMakeFiles/lmmsobjs.dir/core/ControlScaleSupport.cpp.o
[ 31%] Building CXX object src/CMakeFiles/lmmsobjs.dir/core/ControlCommandsScale.cpp.o
[ 31%] Building CXX object src/CMakeFiles/lmmsobjs.dir/core/ControlCommandsScaleEdit.cpp.o
[ 31%] Building CXX object src/CMakeFiles/lmmsobjs.dir/core/ControlCommandsDevice.cpp.o
[ 31%] Building CXX object src/CMakeFiles/lmmsobjs.dir/core/ControlCommandsPlugin.cpp.o
[ 31%] Building CXX object src/CMakeFiles/lmmsobjs.dir/core/ControlCommandsPluginParams.cpp.o
[ 31%] Building CXX object src/CMakeFiles/lmmsobjs.dir/core/ControlCommandsPluginPreset.cpp.o
[ 31%] Building CXX object src/CMakeFiles/lmmsobjs.dir/core/ControlCommandsPluginState.cpp.o
[ 31%] Building CXX object src/CMakeFiles/lmmsobjs.dir/core/ControlCommandsCrash.cpp.o
[ 31%] Building CXX object src/CMakeFiles/lmmsobjs.dir/core/ControlCommandsCrashControl.cpp.o
[ 31%] Building CXX object src/CMakeFiles/lmmsobjs.dir/core/ControlCommandsPluginScan.cpp.o
[ 31%] Building CXX object src/CMakeFiles/lmmsobjs.dir/core/ControlCommandsPluginScanEdit.cpp.o
[ 31%] Building CXX object src/CMakeFiles/lmmsobjs.dir/core/ControlCommandsSafeStart.cpp.o
[ 31%] Building CXX object src/CMakeFiles/lmmsobjs.dir/core/ControlCommandsSafeStartEdit.cpp.o
[ 31%] Building CXX object src/CMakeFiles/lmmsobjs.dir/core/ControlCommandsOutOfProcess.cpp.o
[ 31%] Building CXX object src/CMakeFiles/lmmsobjs.dir/core/ControlCommandsOutOfProcessEdit.cpp.o
[ 31%] Building CXX object src/CMakeFiles/lmmsobjs.dir/core/ControlCommandsOutOfProcessSupport.cpp.o
[ 31%] Building CXX object src/CMakeFiles/lmmsobjs.dir/core/OutOfProcessHosting.cpp.o
[ 31%] Building CXX object src/CMakeFiles/lmmsobjs.dir/core/PluginHostChunking.cpp.o
[ 31%] Building CXX object src/CMakeFiles/lmmsobjs.dir/core/ControlCommandsHostChunking.cpp.o
[ 31%] Building CXX object src/CMakeFiles/lmmsobjs.dir/core/PluginHostNotes.cpp.o
[ 31%] Building CXX object src/CMakeFiles/lmmsobjs.dir/core/ControlCommandsHostNotes.cpp.o
[ 31%] Building CXX object src/CMakeFiles/lmmsobjs.dir/core/ControlCommandsArrangementState.cpp.o
[ 31%] Building CXX object src/CMakeFiles/lmmsobjs.dir/core/ControlCommandsProject.cpp.o
[ 31%] Building CXX object src/CMakeFiles/lmmsobjs.dir/core/ControlCommandsProjectFiles.cpp.o
[ 36%] Building CXX object src/CMakeFiles/lmmsobjs.dir/core/ControlCommandsRevisions.cpp.o
[ 36%] Building CXX object src/CMakeFiles/lmmsobjs.dir/core/RevisionTimeline.cpp.o
[ 36%] Building CXX object src/CMakeFiles/lmmsobjs.dir/core/RevisionTimelineGit.cpp.o
[ 36%] Building CXX object src/CMakeFiles/lmmsobjs.dir/core/RevisionTimelineCompare.cpp.o
[ 36%] Building CXX object src/CMakeFiles/lmmsobjs.dir/core/ControlCommandsRenderStems.cpp.o
[ 36%] Building CXX object src/CMakeFiles/lmmsobjs.dir/core/ControlCommandsRack.cpp.o
[ 36%] Building CXX object src/CMakeFiles/lmmsobjs.dir/core/ControlCommandsRackMacros.cpp.o
[ 36%] Building CXX object src/CMakeFiles/lmmsobjs.dir/core/ControlCommandsRackZones.cpp.o
[ 36%] Building CXX object src/CMakeFiles/lmmsobjs.dir/core/ControlCommandsScript.cpp.o
[ 36%] Building CXX object src/CMakeFiles/lmmsobjs.dir/core/ControlCommandsExport.cpp.o
[ 36%] Building CXX object src/CMakeFiles/lmmsobjs.dir/core/ControlCommandsExportPresets.cpp.o
[ 36%] Building CXX object src/CMakeFiles/lmmsobjs.dir/core/ControlExportPresetSupport.cpp.o
[ 36%] Building CXX object src/CMakeFiles/lmmsobjs.dir/core/ControlCommandsFreeze.cpp.o
[ 36%] Building CXX object src/CMakeFiles/lmmsobjs.dir/core/ControlCommandsLink.cpp.o
[ 36%] Building CXX object src/CMakeFiles/lmmsobjs.dir/core/LinkSync.cpp.o
[ 36%] Building CXX object src/CMakeFiles/lmmsobjs.dir/core/LinkSyncWire.cpp.o
[ 36%] Building CXX object src/CMakeFiles/lmmsobjs.dir/core/LinkUdpTransport.cpp.o
[ 36%] Building CXX object src/CMakeFiles/lmmsobjs.dir/core/ControlCommandsSettings.cpp.o
[ 36%] Building CXX object src/CMakeFiles/lmmsobjs.dir/core/ControlCommandsSurface.cpp.o
[ 36%] Building CXX object src/CMakeFiles/lmmsobjs.dir/core/ControlCommandsStructure.cpp.o
[ 36%] Building CXX object src/CMakeFiles/lmmsobjs.dir/core/ControlCommandsTelemetry.cpp.o
[ 36%] Building CXX object src/CMakeFiles/lmmsobjs.dir/core/ControlCommandsTransport.cpp.o
[ 36%] Building CXX object src/CMakeFiles/lmmsobjs.dir/core/ControlCommandsTrackFolder.cpp.o
[ 36%] Building CXX object src/CMakeFiles/lmmsobjs.dir/core/ControlCommandsTrackFolderSets.cpp.o
[ 36%] Building CXX object src/CMakeFiles/lmmsobjs.dir/core/ControlCommandsVca.cpp.o
[ 36%] Building CXX object src/CMakeFiles/lmmsobjs.dir/core/ControlCommandsVcaMix.cpp.o
[ 36%] Building CXX object src/CMakeFiles/lmmsobjs.dir/core/ControlCommandsVcaEdit.cpp.o
[ 36%] Building CXX object src/CMakeFiles/lmmsobjs.dir/core/ControlCommandsVcaEditSet.cpp.o
[ 36%] Building CXX object src/CMakeFiles/lmmsobjs.dir/core/TrackContainerFolders.cpp.o
[ 36%] Building CXX object src/CMakeFiles/lmmsobjs.dir/core/ControlCommandsUndo.cpp.o
[ 36%] Building CXX object src/CMakeFiles/lmmsobjs.dir/core/ControlCommandsTransportMap.cpp.o
[ 36%] Building CXX object src/CMakeFiles/lmmsobjs.dir/core/ControlCommandsPunch.cpp.o
[ 42%] Building CXX object src/CMakeFiles/lmmsobjs.dir/core/ControlCommandsRecording.cpp.o
[ 42%] Building CXX object src/CMakeFiles/lmmsobjs.dir/core/ControlCommandsRecordingRecovery.cpp.o
[ 42%] Building CXX object src/CMakeFiles/lmmsobjs.dir/core/ControlRecordingSupport.cpp.o
[ 42%] Building CXX object src/CMakeFiles/lmmsobjs.dir/core/AudioInputPath.cpp.o
[ 42%] Building CXX object src/CMakeFiles/lmmsobjs.dir/core/AudioWideInputStage.cpp.o
[ 42%] Building CXX object src/CMakeFiles/lmmsobjs.dir/core/RetroAudioCapture.cpp.o
[ 42%] Building CXX object src/CMakeFiles/lmmsobjs.dir/core/ControlCommandsRecordingInput.cpp.o
[ 42%] Building CXX object src/CMakeFiles/lmmsobjs.dir/core/ControlCommandsRecordingRoutes.cpp.o
[ 42%] Building CXX object src/CMakeFiles/lmmsobjs.dir/core/ControlCommandsRecordingRetro.cpp.o
[ 42%] Building CXX object src/CMakeFiles/lmmsobjs.dir/core/ControlCommandsWarp.cpp.o
[ 42%] Building CXX object src/CMakeFiles/lmmsobjs.dir/core/ControlCommandsWarpEdit.cpp.o
[ 42%] Building CXX object src/CMakeFiles/lmmsobjs.dir/core/GrooveTemplate.cpp.o
[ 42%] Building CXX object src/CMakeFiles/lmmsobjs.dir/core/GroovePool.cpp.o
[ 42%] Building CXX object src/CMakeFiles/lmmsobjs.dir/core/ControlGrooveSupport.cpp.o
[ 42%] Building CXX object src/CMakeFiles/lmmsobjs.dir/core/ControlCommandsGroove.cpp.o
[ 42%] Building CXX object src/CMakeFiles/lmmsobjs.dir/core/ControlCommandsGrooveEdit.cpp.o
[ 42%] Building CXX object src/CMakeFiles/lmmsobjs.dir/core/ControlCommandsGroovePool.cpp.o
[ 42%] Building CXX object src/CMakeFiles/lmmsobjs.dir/core/ControlDeviceCatalogue.cpp.o
[ 42%] Building CXX object src/CMakeFiles/lmmsobjs.dir/core/ControlDeviceHosted.cpp.o
[ 42%] Building CXX object src/CMakeFiles/lmmsobjs.dir/core/ControlDeviceState.cpp.o
[ 42%] Building CXX object src/CMakeFiles/lmmsobjs.dir/core/ControlDeviceSupport.cpp.o
[ 42%] Building CXX object src/CMakeFiles/lmmsobjs.dir/core/ControlDeviceVst3.cpp.o
[ 42%] Building CXX object src/CMakeFiles/lmmsobjs.dir/core/ControlDeviceClap.cpp.o
[ 42%] Building CXX object src/CMakeFiles/lmmsobjs.dir/core/ControlChainPresetSupport.cpp.o
[ 42%] Building CXX object src/CMakeFiles/lmmsobjs.dir/core/ControlCommandsChain.cpp.o
[ 42%] Building CXX object src/CMakeFiles/lmmsobjs.dir/core/ControlCommandsChainEdit.cpp.o
[ 42%] Building CXX object src/CMakeFiles/lmmsobjs.dir/core/ChordVocabulary.cpp.o
[ 42%] Building CXX object src/CMakeFiles/lmmsobjs.dir/core/ChordTrack.cpp.o
[ 42%] Building CXX object src/CMakeFiles/lmmsobjs.dir/core/ChordDetect.cpp.o
[ 42%] Building CXX object src/CMakeFiles/lmmsobjs.dir/core/ChordProgression.cpp.o
[ 42%] Building CXX object src/CMakeFiles/lmmsobjs.dir/core/ControlChordSupport.cpp.o
[ 42%] Building CXX object src/CMakeFiles/lmmsobjs.dir/core/ControlCommandsChord.cpp.o
[ 47%] Building CXX object src/CMakeFiles/lmmsobjs.dir/core/ControlCommandsChordEdit.cpp.o
[ 47%] Building CXX object src/CMakeFiles/lmmsobjs.dir/core/ControlCommandsChordWrite.cpp.o
[ 47%] Building CXX object src/CMakeFiles/lmmsobjs.dir/core/ControlEditSupport.cpp.o
[ 47%] Building CXX object src/CMakeFiles/lmmsobjs.dir/core/ControlModulationSupport.cpp.o
[ 47%] Building CXX object src/CMakeFiles/lmmsobjs.dir/core/ControlRackSupport.cpp.o
[ 47%] Building CXX object src/CMakeFiles/lmmsobjs.dir/core/ControlCommandsProjectArchive.cpp.o
[ 47%] Building CXX object src/CMakeFiles/lmmsobjs.dir/core/ControlProjectAssets.cpp.o
[ 47%] Building CXX object src/CMakeFiles/lmmsobjs.dir/core/ControlProjectAssetsRelink.cpp.o
[ 47%] Building CXX object src/CMakeFiles/lmmsobjs.dir/core/ControlCommandsProjectMmpzGit.cpp.o
[ 47%] Building CXX object src/CMakeFiles/lmmsobjs.dir/core/ControlCommandsController.cpp.o
[ 47%] Building CXX object src/CMakeFiles/lmmsobjs.dir/core/ControlCommandsControllerTemplates.cpp.o
[ 47%] Building CXX object src/CMakeFiles/lmmsobjs.dir/core/ControllerSurface.cpp.o
[ 47%] Building CXX object src/CMakeFiles/lmmsobjs.dir/core/ControlServer.cpp.o
[ 47%] Building CXX object src/CMakeFiles/lmmsobjs.dir/core/ControlServerSocket.cpp.o
[ 47%] Building CXX object src/CMakeFiles/lmmsobjs.dir/core/ControlServerWin32.cpp.o
[ 47%] Building CXX object src/CMakeFiles/lmmsobjs.dir/core/ControlSession.cpp.o
[ 47%] Building CXX object src/CMakeFiles/lmmsobjs.dir/core/ControlStructuralSupport.cpp.o
[ 47%] Building CXX object src/CMakeFiles/lmmsobjs.dir/core/Controller.cpp.o
[ 47%] Building CXX object src/CMakeFiles/lmmsobjs.dir/core/ControllerConnection.cpp.o
[ 47%] Building CXX object src/CMakeFiles/lmmsobjs.dir/core/DataFile.cpp.o
[ 47%] Building CXX object src/CMakeFiles/lmmsobjs.dir/core/DrumSynth.cpp.o
[ 47%] Building CXX object src/CMakeFiles/lmmsobjs.dir/core/Effect.cpp.o
[ 47%] Building CXX object src/CMakeFiles/lmmsobjs.dir/core/EffectChain.cpp.o
[ 47%] Building CXX object src/CMakeFiles/lmmsobjs.dir/core/EffectChainPatcher.cpp.o
[ 47%] Building CXX object src/CMakeFiles/lmmsobjs.dir/core/Engine.cpp.o
[ 47%] Building CXX object src/CMakeFiles/lmmsobjs.dir/core/EnvelopeAndLfoParameters.cpp.o
[ 47%] Building CXX object src/CMakeFiles/lmmsobjs.dir/core/ExportDither.cpp.o
[ 47%] Building CXX object src/CMakeFiles/lmmsobjs.dir/core/ExportRenderSettings.cpp.o
[ 47%] Building CXX object src/CMakeFiles/lmmsobjs.dir/core/fft_helpers.cpp.o
[ 47%] Building CXX object src/CMakeFiles/lmmsobjs.dir/core/Mixer.cpp.o
[ 47%] Building CXX object src/CMakeFiles/lmmsobjs.dir/core/VcaGroup.cpp.o
[ 47%] Building CXX object src/CMakeFiles/lmmsobjs.dir/core/ImportFilter.cpp.o
[ 47%] Building CXX object src/CMakeFiles/lmmsobjs.dir/core/InlineAutomation.cpp.o
[ 52%] Building CXX object src/CMakeFiles/lmmsobjs.dir/core/Instrument.cpp.o
[ 52%] Building CXX object src/CMakeFiles/lmmsobjs.dir/core/InstrumentFunctions.cpp.o
[ 52%] Building CXX object src/CMakeFiles/lmmsobjs.dir/core/InstrumentPlayHandle.cpp.o
[ 52%] Building CXX object src/CMakeFiles/lmmsobjs.dir/core/InstrumentSoundShaping.cpp.o
[ 52%] Building CXX object src/CMakeFiles/lmmsobjs.dir/core/JournallingObject.cpp.o
[ 52%] Building CXX object src/CMakeFiles/lmmsobjs.dir/core/Keymap.cpp.o
[ 52%] Building CXX object src/CMakeFiles/lmmsobjs.dir/core/Ladspa2LMMS.cpp.o
[ 52%] Building CXX object src/CMakeFiles/lmmsobjs.dir/core/LadspaControl.cpp.o
[ 52%] Building CXX object src/CMakeFiles/lmmsobjs.dir/core/LatencyCompensation.cpp.o
[ 52%] Building CXX object src/CMakeFiles/lmmsobjs.dir/core/LoudnessReport.cpp.o
[ 52%] Building CXX object src/CMakeFiles/lmmsobjs.dir/core/LufsMeter.cpp.o
[ 52%] Building CXX object src/CMakeFiles/lmmsobjs.dir/core/MasteringChain.cpp.o
[ 52%] Building CXX object src/CMakeFiles/lmmsobjs.dir/core/MasteringJob.cpp.o
[ 52%] Building CXX object src/CMakeFiles/lmmsobjs.dir/core/MasteringReport.cpp.o
[ 52%] Building CXX object src/CMakeFiles/lmmsobjs.dir/core/LadspaManager.cpp.o
[ 52%] Building CXX object src/CMakeFiles/lmmsobjs.dir/core/LfoController.cpp.o
[ 52%] Building CXX object src/CMakeFiles/lmmsobjs.dir/core/LinkedModelGroups.cpp.o
[ 52%] Building CXX object src/CMakeFiles/lmmsobjs.dir/core/LocklessAllocator.cpp.o
[ 52%] Building CXX object src/CMakeFiles/lmmsobjs.dir/core/MeterModel.cpp.o
[ 52%] Building CXX object src/CMakeFiles/lmmsobjs.dir/core/Metronome.cpp.o
[ 52%] Building CXX object src/CMakeFiles/lmmsobjs.dir/core/MicroTimer.cpp.o
[ 52%] Building CXX object src/CMakeFiles/lmmsobjs.dir/core/Microtuner.cpp.o
[ 52%] Building CXX object src/CMakeFiles/lmmsobjs.dir/core/MidiLearn.cpp.o
[ 52%] Building CXX object src/CMakeFiles/lmmsobjs.dir/core/MidiClock.cpp.o
[ 52%] Building CXX object src/CMakeFiles/lmmsobjs.dir/core/MidiClockState.cpp.o
[ 52%] Building CXX object src/CMakeFiles/lmmsobjs.dir/core/MidiClockTracker.cpp.o
[ 52%] Building CXX object src/CMakeFiles/lmmsobjs.dir/core/MixHelpers.cpp.o
[ 52%] Building CXX object src/CMakeFiles/lmmsobjs.dir/core/Model.cpp.o
[ 52%] Building CXX object src/CMakeFiles/lmmsobjs.dir/core/ModelVisitor.cpp.o
[ 52%] Building CXX object src/CMakeFiles/lmmsobjs.dir/core/NamespaceRegistry.cpp.o
[ 52%] Building CXX object src/CMakeFiles/lmmsobjs.dir/core/Note.cpp.o
[ 52%] Building CXX object src/CMakeFiles/lmmsobjs.dir/core/NotePlayHandle.cpp.o
[ 57%] Building CXX object src/CMakeFiles/lmmsobjs.dir/core/NoteRandom.cpp.o
[ 57%] Building CXX object src/CMakeFiles/lmmsobjs.dir/core/NoteTransform.cpp.o
[ 57%] Building CXX object src/CMakeFiles/lmmsobjs.dir/core/Oscillator.cpp.o
[ 57%] Building CXX object src/CMakeFiles/lmmsobjs.dir/core/PatchWiring.cpp.o
[ 57%] Building CXX object src/CMakeFiles/lmmsobjs.dir/core/PathUtil.cpp.o
[ 57%] Building CXX object src/CMakeFiles/lmmsobjs.dir/core/PatternClip.cpp.o
[ 57%] Building CXX object src/CMakeFiles/lmmsobjs.dir/core/PatternStore.cpp.o
[ 57%] Building CXX object src/CMakeFiles/lmmsobjs.dir/core/PeakController.cpp.o
[ 57%] Building CXX object src/CMakeFiles/lmmsobjs.dir/core/PerfLog.cpp.o
[ 57%] Building CXX object src/CMakeFiles/lmmsobjs.dir/core/Piano.cpp.o
[ 57%] Building CXX object src/CMakeFiles/lmmsobjs.dir/core/PlayHandle.cpp.o
[ 57%] Building CXX object src/CMakeFiles/lmmsobjs.dir/core/Plugin.cpp.o
[ 57%] Building CXX object src/CMakeFiles/lmmsobjs.dir/core/PluginIssue.cpp.o
[ 57%] Building CXX object src/CMakeFiles/lmmsobjs.dir/core/PluginFactory.cpp.o
[ 57%] Building CXX object src/CMakeFiles/lmmsobjs.dir/core/PluginScanCache.cpp.o
[ 57%] Building CXX object src/CMakeFiles/lmmsobjs.dir/core/PresetPreviewPlayHandle.cpp.o
[ 57%] Building CXX object src/CMakeFiles/lmmsobjs.dir/core/ProjectJournal.cpp.o
[ 57%] Building CXX object src/CMakeFiles/lmmsobjs.dir/core/ProjectJournalBounds.cpp.o
[ 57%] Building CXX object src/CMakeFiles/lmmsobjs.dir/core/ProjectJournalStructural.cpp.o
[ 57%] Building CXX object src/CMakeFiles/lmmsobjs.dir/core/ProjectRecovery.cpp.o
[ 57%] Building CXX object src/CMakeFiles/lmmsobjs.dir/core/RecordingJournal.cpp.o
[ 57%] Building CXX object src/CMakeFiles/lmmsobjs.dir/core/ProjectIds.cpp.o
[ 57%] Building CXX object src/CMakeFiles/lmmsobjs.dir/core/ProjectRenderer.cpp.o
[ 57%] Building CXX object src/CMakeFiles/lmmsobjs.dir/core/ProjectRevisions.cpp.o
[ 57%] Building CXX object src/CMakeFiles/lmmsobjs.dir/core/ProjectVersion.cpp.o
[ 57%] Building CXX object src/CMakeFiles/lmmsobjs.dir/core/RemotePlugin.cpp.o
[ 57%] Building CXX object src/CMakeFiles/lmmsobjs.dir/core/Rack.cpp.o
[ 57%] Building CXX object src/CMakeFiles/lmmsobjs.dir/core/RackMacros.cpp.o
[ 57%] Building CXX object src/CMakeFiles/lmmsobjs.dir/core/RackNodes.cpp.o
[ 57%] Building CXX object src/CMakeFiles/lmmsobjs.dir/core/RackZones.cpp.o
[ 57%] Building CXX object src/CMakeFiles/lmmsobjs.dir/core/RenderManager.cpp.o
[ 57%] Building CXX object src/CMakeFiles/lmmsobjs.dir/core/RetroMidiCapture.cpp.o
[ 63%] Building CXX object src/CMakeFiles/lmmsobjs.dir/core/RetroMidiCaptureSettings.cpp.o
[ 63%] Building CXX object src/CMakeFiles/lmmsobjs.dir/core/RetroMidiClipWriter.cpp.o
[ 63%] Building CXX object src/CMakeFiles/lmmsobjs.dir/core/RingBuffer.cpp.o
[ 63%] Building CXX object src/CMakeFiles/lmmsobjs.dir/core/RoutingChainNodes.cpp.o
[ 63%] Building CXX object src/CMakeFiles/lmmsobjs.dir/core/RoutingGraph.cpp.o
[ 63%] Building CXX object src/CMakeFiles/lmmsobjs.dir/core/RoutingNode.cpp.o
[ 63%] Building CXX object src/CMakeFiles/lmmsobjs.dir/core/RoutingNodes.cpp.o
[ 63%] Building CXX object src/CMakeFiles/lmmsobjs.dir/core/Sample.cpp.o
[ 63%] Building CXX object src/CMakeFiles/lmmsobjs.dir/core/SampleBuffer.cpp.o
[ 63%] Building CXX object src/CMakeFiles/lmmsobjs.dir/core/SampleClip.cpp.o
[ 63%] Building CXX object src/CMakeFiles/lmmsobjs.dir/core/SampleDecoder.cpp.o
[ 63%] Building CXX object src/CMakeFiles/lmmsobjs.dir/core/SamplePlayHandle.cpp.o
[ 63%] Building CXX object src/CMakeFiles/lmmsobjs.dir/core/SampleRecordHandle.cpp.o
[ 63%] Building CXX object src/CMakeFiles/lmmsobjs.dir/core/Scale.cpp.o
[ 63%] Building CXX object src/CMakeFiles/lmmsobjs.dir/core/ScriptApiVersion.cpp.o
[ 63%] Building CXX object src/CMakeFiles/lmmsobjs.dir/core/ScriptBindings.cpp.o
[ 63%] Building CXX object src/CMakeFiles/lmmsobjs.dir/core/ScriptCommandQueue.cpp.o
[ 63%] Building CXX object src/CMakeFiles/lmmsobjs.dir/core/ScriptConsole.cpp.o
[ 63%] Building CXX object src/CMakeFiles/lmmsobjs.dir/core/ScriptDawBindings.cpp.o
[ 63%] Building CXX object src/CMakeFiles/lmmsobjs.dir/core/ScriptDawEdit.cpp.o
[ 63%] Building CXX object src/CMakeFiles/lmmsobjs.dir/core/ScriptDawEffects.cpp.o
[ 63%] Building CXX object src/CMakeFiles/lmmsobjs.dir/core/ScriptEngine.cpp.o
[ 63%] Building CXX object src/CMakeFiles/lmmsobjs.dir/core/ScriptPackage.cpp.o
[ 63%] Building CXX object src/CMakeFiles/lmmsobjs.dir/core/LmmsSemaphore.cpp.o
[ 63%] Building CXX object src/CMakeFiles/lmmsobjs.dir/core/SerializingObject.cpp.o
[ 63%] Building CXX object src/CMakeFiles/lmmsobjs.dir/core/Song.cpp.o
[ 63%] Building CXX object src/CMakeFiles/lmmsobjs.dir/core/TempoMap.cpp.o
[ 63%] Building CXX object src/CMakeFiles/lmmsobjs.dir/core/SmfInterchange.cpp.o
[ 63%] Building CXX object src/CMakeFiles/lmmsobjs.dir/core/SmfInterchangeReader.cpp.o
[ 63%] Building CXX object src/CMakeFiles/lmmsobjs.dir/core/DawProjectZip.cpp.o
[ 63%] Building CXX object src/CMakeFiles/lmmsobjs.dir/core/DawProjectModel.cpp.o
[ 63%] Building CXX object src/CMakeFiles/lmmsobjs.dir/core/DawProjectWrite.cpp.o
[ 63%] Building CXX object src/CMakeFiles/lmmsobjs.dir/core/DawProjectRead.cpp.o
[ 68%] Building CXX object src/CMakeFiles/lmmsobjs.dir/core/DawProjectReadTracks.cpp.o
[ 68%] Building CXX object src/CMakeFiles/lmmsobjs.dir/core/DawProjectSession.cpp.o
[ 68%] Building CXX object src/CMakeFiles/lmmsobjs.dir/core/DocumentIndex.cpp.o
[ 68%] Building CXX object src/CMakeFiles/lmmsobjs.dir/core/ProjectContainer.cpp.o
[ 68%] Building CXX object src/CMakeFiles/lmmsobjs.dir/core/ProjectContainerEntries.cpp.o
[ 68%] Building CXX object src/CMakeFiles/lmmsobjs.dir/core/ModulationLayer.cpp.o
[ 68%] Building CXX object src/CMakeFiles/lmmsobjs.dir/core/TempoSyncKnobModel.cpp.o
[ 68%] Building CXX object src/CMakeFiles/lmmsobjs.dir/core/ThreadPool.cpp.o
[ 68%] Building CXX object src/CMakeFiles/lmmsobjs.dir/core/Timeline.cpp.o
[ 68%] Building CXX object src/CMakeFiles/lmmsobjs.dir/core/TimePos.cpp.o
[ 68%] Building CXX object src/CMakeFiles/lmmsobjs.dir/core/TakeLane.cpp.o
[ 68%] Building CXX object src/CMakeFiles/lmmsobjs.dir/core/ToolPlugin.cpp.o
[ 68%] Building CXX object src/CMakeFiles/lmmsobjs.dir/core/Track.cpp.o
[ 68%] Building CXX object src/CMakeFiles/lmmsobjs.dir/core/TrackContainer.cpp.o
[ 68%] Building CXX object src/CMakeFiles/lmmsobjs.dir/core/UnattendedRun.cpp.o
[ 68%] Building CXX object src/CMakeFiles/lmmsobjs.dir/core/UpgradeExtendedNoteRange.cpp.o
[ 68%] Building CXX object src/CMakeFiles/lmmsobjs.dir/core/UnclaimedElements.cpp.o
[ 68%] Building CXX object src/CMakeFiles/lmmsobjs.dir/core/Clip.cpp.o
[ 68%] Building CXX object src/CMakeFiles/lmmsobjs.dir/core/ValueBuffer.cpp.o
[ 68%] Building CXX object src/CMakeFiles/lmmsobjs.dir/core/VstSyncController.cpp.o
[ 68%] Building CXX object src/CMakeFiles/lmmsobjs.dir/core/StepRecorder.cpp.o
[ 68%] Building CXX object src/CMakeFiles/lmmsobjs.dir/core/audio/AudioAlsa.cpp.o
[ 68%] Building CXX object src/CMakeFiles/lmmsobjs.dir/core/audio/AudioDevice.cpp.o
[ 68%] Building CXX object src/CMakeFiles/lmmsobjs.dir/core/audio/AudioFileDevice.cpp.o
[ 68%] Building CXX object src/CMakeFiles/lmmsobjs.dir/core/audio/AudioFileMP3.cpp.o
[ 68%] Building CXX object src/CMakeFiles/lmmsobjs.dir/core/audio/AudioFileOgg.cpp.o
[ 68%] Building CXX object src/CMakeFiles/lmmsobjs.dir/core/audio/AudioFileFlac.cpp.o
[ 68%] Building CXX object src/CMakeFiles/lmmsobjs.dir/core/audio/AudioFileWave.cpp.o
[ 68%] Building CXX object src/CMakeFiles/lmmsobjs.dir/core/audio/AudioJack.cpp.o
[ 68%] Building CXX object src/CMakeFiles/lmmsobjs.dir/core/audio/AudioOss.cpp.o
[ 68%] Building CXX object src/CMakeFiles/lmmsobjs.dir/core/audio/AudioSndio.cpp.o
[ 68%] Building CXX object src/CMakeFiles/lmmsobjs.dir/core/audio/AudioPortAudio.cpp.o
[ 73%] Building CXX object src/CMakeFiles/lmmsobjs.dir/core/audio/AudioSoundIo.cpp.o
[ 73%] Building CXX object src/CMakeFiles/lmmsobjs.dir/core/audio/AudioPulseAudio.cpp.o
[ 73%] Building CXX object src/CMakeFiles/lmmsobjs.dir/core/audio/AudioSampleRecorder.cpp.o
[ 73%] Building CXX object src/CMakeFiles/lmmsobjs.dir/core/audio/AudioSdl.cpp.o
[ 73%] Building CXX object src/CMakeFiles/lmmsobjs.dir/core/audio/MultiTrackRecorder.cpp.o
[ 73%] Building CXX object src/CMakeFiles/lmmsobjs.dir/core/audio/TrackRecorder.cpp.o
[ 73%] Building CXX object src/CMakeFiles/lmmsobjs.dir/core/lv2/Lv2Basics.cpp.o
[ 73%] Building CXX object src/CMakeFiles/lmmsobjs.dir/core/lv2/Lv2ControlBase.cpp.o
[ 73%] Building CXX object src/CMakeFiles/lmmsobjs.dir/core/lv2/Lv2Evbuf.cpp.o
[ 73%] Building CXX object src/CMakeFiles/lmmsobjs.dir/core/lv2/Lv2Features.cpp.o
[ 73%] Building CXX object src/CMakeFiles/lmmsobjs.dir/core/lv2/Lv2Ports.cpp.o
[ 73%] Building CXX object src/CMakeFiles/lmmsobjs.dir/core/lv2/Lv2Proc.cpp.o
[ 73%] Building CXX object src/CMakeFiles/lmmsobjs.dir/core/lv2/Lv2Manager.cpp.o
[ 73%] Building CXX object src/CMakeFiles/lmmsobjs.dir/core/lv2/Lv2Options.cpp.o
[ 73%] Building CXX object src/CMakeFiles/lmmsobjs.dir/core/lv2/Lv2SubPluginFeatures.cpp.o
[ 73%] Building CXX object src/CMakeFiles/lmmsobjs.dir/core/lv2/Lv2UridCache.cpp.o
[ 73%] Building CXX object src/CMakeFiles/lmmsobjs.dir/core/lv2/Lv2UridMap.cpp.o
[ 73%] Building CXX object src/CMakeFiles/lmmsobjs.dir/core/lv2/Lv2Worker.cpp.o
[ 73%] Building CXX object src/CMakeFiles/lmmsobjs.dir/core/midi/MidiAlsaRaw.cpp.o
[ 73%] Building CXX object src/CMakeFiles/lmmsobjs.dir/core/midi/MidiAlsaSeq.cpp.o
[ 73%] Building CXX object src/CMakeFiles/lmmsobjs.dir/core/midi/MidiClient.cpp.o
[ 73%] Building CXX object src/CMakeFiles/lmmsobjs.dir/core/midi/MidiController.cpp.o
[ 73%] Building CXX object src/CMakeFiles/lmmsobjs.dir/core/midi/MidiEventToByteSeq.cpp.o
[ 73%] Building CXX object src/CMakeFiles/lmmsobjs.dir/core/midi/MidiJack.cpp.o
[ 73%] Building CXX object src/CMakeFiles/lmmsobjs.dir/core/midi/MidiOss.cpp.o
[ 73%] Building CXX object src/CMakeFiles/lmmsobjs.dir/core/midi/MidiSndio.cpp.o
[ 73%] Building CXX object src/CMakeFiles/lmmsobjs.dir/core/midi/MidiApple.cpp.o
[ 73%] Building CXX object src/CMakeFiles/lmmsobjs.dir/core/midi/MidiPort.cpp.o
[ 73%] Building CXX object src/CMakeFiles/lmmsobjs.dir/core/midi/MidiReconnect.cpp.o
[ 73%] Building CXX object src/CMakeFiles/lmmsobjs.dir/core/midi/MpeExpression.cpp.o
[ 73%] Building CXX object src/CMakeFiles/lmmsobjs.dir/core/midi/MidiWinMM.cpp.o
[ 73%] Building CXX object src/CMakeFiles/lmmsobjs.dir/core/SessionClip.cpp.o
[ 78%] Building CXX object src/CMakeFiles/lmmsobjs.dir/core/SessionModel.cpp.o
[ 78%] Building CXX object src/CMakeFiles/lmmsobjs.dir/core/SessionScheduler.cpp.o
[ 78%] Building CXX object src/CMakeFiles/lmmsobjs.dir/core/ControlCommandsSession.cpp.o
[ 78%] Building CXX object src/CMakeFiles/lmmsobjs.dir/core/ControlCommandsSessionLaunch.cpp.o
[ 78%] Building CXX object src/CMakeFiles/lmmsobjs.dir/core/SessionFollow.cpp.o
[ 78%] Building CXX object src/CMakeFiles/lmmsobjs.dir/core/ControlCommandsSessionFollow.cpp.o
[ 78%] Building CXX object src/CMakeFiles/lmmsobjs.dir/core/ControlCommandsSessionRecord.cpp.o
[ 78%] Building CXX object src/CMakeFiles/lmmsobjs.dir/core/ControlCommandsSessionRecordLand.cpp.o
[ 78%] Building CXX object src/CMakeFiles/lmmsobjs.dir/core/Telemetry.cpp.o
[ 78%] Building CXX object src/CMakeFiles/lmmsobjs.dir/core/TelemetryNetworkTransport.cpp.o
[ 78%] Building CXX object src/CMakeFiles/lmmsobjs.dir/gui/ActionGroup.cpp.o
[ 78%] Building CXX object src/CMakeFiles/lmmsobjs.dir/gui/AudioAlsaSetupWidget.cpp.o
[ 78%] Building CXX object src/CMakeFiles/lmmsobjs.dir/gui/AudioDeviceSetupWidget.cpp.o
[ 78%] Building CXX object src/CMakeFiles/lmmsobjs.dir/gui/AutomatableModelView.cpp.o
[ 78%] Building CXX object src/CMakeFiles/lmmsobjs.dir/gui/ControlLayout.cpp.o
[ 78%] Building CXX object src/CMakeFiles/lmmsobjs.dir/gui/ControllerDialog.cpp.o
[ 78%] Building CXX object src/CMakeFiles/lmmsobjs.dir/gui/ControllerRackView.cpp.o
[ 78%] Building CXX object src/CMakeFiles/lmmsobjs.dir/gui/ControllerView.cpp.o
[ 78%] Building CXX object src/CMakeFiles/lmmsobjs.dir/gui/Controls.cpp.o
[ 78%] Building CXX object src/CMakeFiles/lmmsobjs.dir/gui/EffectControlDialog.cpp.o
[ 78%] Building CXX object src/CMakeFiles/lmmsobjs.dir/gui/EffectRackView.cpp.o
[ 78%] Building CXX object src/CMakeFiles/lmmsobjs.dir/gui/EffectView.cpp.o
[ 78%] Building CXX object src/CMakeFiles/lmmsobjs.dir/gui/embed.cpp.o
[ 78%] Building CXX object src/CMakeFiles/lmmsobjs.dir/gui/FileBrowser.cpp.o
[ 78%] Building CXX object src/CMakeFiles/lmmsobjs.dir/gui/FileRevealer.cpp.o
[ 78%] Building CXX object src/CMakeFiles/lmmsobjs.dir/gui/FileSearchJob.cpp.o
[ 78%] Building CXX object src/CMakeFiles/lmmsobjs.dir/gui/FocusDesk.cpp.o
[ 78%] Building CXX object src/CMakeFiles/lmmsobjs.dir/gui/FocusDeskModules.cpp.o
[ 78%] Building CXX object src/CMakeFiles/lmmsobjs.dir/gui/FocusDeskPane.cpp.o
[ 78%] Building CXX object src/CMakeFiles/lmmsobjs.dir/gui/FocusDeskPlacement.cpp.o
[ 78%] Building CXX object src/CMakeFiles/lmmsobjs.dir/gui/GuiApplication.cpp.o
[ 78%] Building CXX object src/CMakeFiles/lmmsobjs.dir/gui/LadspaControlView.cpp.o
[ 78%] Building CXX object src/CMakeFiles/lmmsobjs.dir/gui/LfoControllerDialog.cpp.o
[ 84%] Building CXX object src/CMakeFiles/lmmsobjs.dir/gui/LinkedModelGroupViews.cpp.o
[ 84%] Building CXX object src/CMakeFiles/lmmsobjs.dir/gui/LmmsPalette.cpp.o
[ 84%] Building CXX object src/CMakeFiles/lmmsobjs.dir/gui/LmmsStyle.cpp.o
[ 84%] Building CXX object src/CMakeFiles/lmmsobjs.dir/gui/Lv2ViewBase.cpp.o
[ 84%] Building CXX object src/CMakeFiles/lmmsobjs.dir/gui/MainApplication.cpp.o
[ 84%] Building CXX object src/CMakeFiles/lmmsobjs.dir/gui/MainWindow.cpp.o
[ 84%] Building CXX object src/CMakeFiles/lmmsobjs.dir/gui/MicrotunerConfig.cpp.o
[ 84%] Building CXX object src/CMakeFiles/lmmsobjs.dir/gui/MidiCCRackView.cpp.o
[ 84%] Building CXX object src/CMakeFiles/lmmsobjs.dir/gui/MidiLearnGui.cpp.o
[ 84%] Building CXX object src/CMakeFiles/lmmsobjs.dir/gui/MidiSetupWidget.cpp.o
[ 84%] Building CXX object src/CMakeFiles/lmmsobjs.dir/gui/MixerChannelView.cpp.o
[ 84%] Building CXX object src/CMakeFiles/lmmsobjs.dir/gui/MixerView.cpp.o
[ 84%] Building CXX object src/CMakeFiles/lmmsobjs.dir/gui/ModelView.cpp.o
[ 84%] Building CXX object src/CMakeFiles/lmmsobjs.dir/gui/PeakControllerDialog.cpp.o
[ 84%] Building CXX object src/CMakeFiles/lmmsobjs.dir/gui/PinConnector.cpp.o
[ 84%] Building CXX object src/CMakeFiles/lmmsobjs.dir/gui/PluginBrowser.cpp.o
[ 84%] Building CXX object src/CMakeFiles/lmmsobjs.dir/gui/ProjectNotes.cpp.o
[ 84%] Building CXX object src/CMakeFiles/lmmsobjs.dir/gui/RowTableView.cpp.o
[ 84%] Building CXX object src/CMakeFiles/lmmsobjs.dir/gui/SampleTrackWindow.cpp.o
[ 84%] Building CXX object src/CMakeFiles/lmmsobjs.dir/gui/SampleThumbnail.cpp.o
[ 84%] Building CXX object src/CMakeFiles/lmmsobjs.dir/gui/SendButtonIndicator.cpp.o
[ 84%] Building CXX object src/CMakeFiles/lmmsobjs.dir/gui/SideBar.cpp.o
[ 84%] Building CXX object src/CMakeFiles/lmmsobjs.dir/gui/SideBarWidget.cpp.o
[ 84%] Building CXX object src/CMakeFiles/lmmsobjs.dir/gui/StringPairDrag.cpp.o
[ 84%] Building CXX object src/CMakeFiles/lmmsobjs.dir/gui/SubWindow.cpp.o
[ 84%] Building CXX object src/CMakeFiles/lmmsobjs.dir/gui/ToolPluginView.cpp.o
[ 84%] Building CXX object src/CMakeFiles/lmmsobjs.dir/gui/clips/AutomationClipView.cpp.o
[ 84%] Building CXX object src/CMakeFiles/lmmsobjs.dir/gui/clips/ClipView.cpp.o
[ 84%] Building CXX object src/CMakeFiles/lmmsobjs.dir/gui/clips/MidiClipView.cpp.o
[ 84%] Building CXX object src/CMakeFiles/lmmsobjs.dir/gui/clips/PatternClipView.cpp.o
[ 84%] Building CXX object src/CMakeFiles/lmmsobjs.dir/gui/clips/SampleClipView.cpp.o
[ 84%] Building CXX object src/CMakeFiles/lmmsobjs.dir/gui/editors/AutomationEditor.cpp.o
[ 89%] Building CXX object src/CMakeFiles/lmmsobjs.dir/gui/editors/Editor.cpp.o
[ 89%] Building CXX object src/CMakeFiles/lmmsobjs.dir/gui/editors/PatternEditor.cpp.o
[ 89%] Building CXX object src/CMakeFiles/lmmsobjs.dir/gui/editors/PianoRoll.cpp.o
[ 89%] Building CXX object src/CMakeFiles/lmmsobjs.dir/gui/editors/PositionLine.cpp.o
[ 89%] Building CXX object src/CMakeFiles/lmmsobjs.dir/gui/editors/Rubberband.cpp.o
[ 89%] Building CXX object src/CMakeFiles/lmmsobjs.dir/gui/editors/SongEditor.cpp.o
[ 89%] Building CXX object src/CMakeFiles/lmmsobjs.dir/gui/editors/StepRecorderWidget.cpp.o
[ 89%] Building CXX object src/CMakeFiles/lmmsobjs.dir/gui/editors/TimeLineWidget.cpp.o
[ 89%] Building CXX object src/CMakeFiles/lmmsobjs.dir/gui/editors/TrackContainerView.cpp.o
[ 89%] Building CXX object src/CMakeFiles/lmmsobjs.dir/gui/instrument/EnvelopeAndLfoView.cpp.o
[ 89%] Building CXX object src/CMakeFiles/lmmsobjs.dir/gui/instrument/EnvelopeGraph.cpp.o
[ 89%] Building CXX object src/CMakeFiles/lmmsobjs.dir/gui/instrument/InstrumentFunctionViews.cpp.o
[ 89%] Building CXX object src/CMakeFiles/lmmsobjs.dir/gui/instrument/InstrumentMidiIOView.cpp.o
[ 89%] Building CXX object src/CMakeFiles/lmmsobjs.dir/gui/instrument/InstrumentTuningView.cpp.o
[ 89%] Building CXX object src/CMakeFiles/lmmsobjs.dir/gui/instrument/InstrumentSoundShapingView.cpp.o
[ 89%] Building CXX object src/CMakeFiles/lmmsobjs.dir/gui/instrument/InstrumentTrackWindow.cpp.o
[ 89%] Building CXX object src/CMakeFiles/lmmsobjs.dir/gui/instrument/InstrumentView.cpp.o
[ 89%] Building CXX object src/CMakeFiles/lmmsobjs.dir/gui/instrument/LfoGraph.cpp.o
[ 89%] Building CXX object src/CMakeFiles/lmmsobjs.dir/gui/instrument/PianoView.cpp.o
[ 89%] Building CXX object src/CMakeFiles/lmmsobjs.dir/gui/menus/MidiPortMenu.cpp.o
[ 89%] Building CXX object src/CMakeFiles/lmmsobjs.dir/gui/menus/RecentProjectsMenu.cpp.o
[ 89%] Building CXX object src/CMakeFiles/lmmsobjs.dir/gui/menus/TemplatesMenu.cpp.o
[ 89%] Building CXX object src/CMakeFiles/lmmsobjs.dir/gui/modals/AboutDialog.cpp.o
[ 89%] Building CXX object src/CMakeFiles/lmmsobjs.dir/gui/modals/ColorChooser.cpp.o
[ 89%] Building CXX object src/CMakeFiles/lmmsobjs.dir/gui/modals/ControllerConnectionDialog.cpp.o
[ 89%] Building CXX object src/CMakeFiles/lmmsobjs.dir/gui/modals/EffectSelectDialog.cpp.o
[ 89%] Building CXX object src/CMakeFiles/lmmsobjs.dir/gui/modals/ExportProjectDialog.cpp.o
[ 89%] Building CXX object src/CMakeFiles/lmmsobjs.dir/gui/modals/FileDialog.cpp.o
[ 89%] Building CXX object src/CMakeFiles/lmmsobjs.dir/gui/modals/RenameDialog.cpp.o
[ 89%] Building CXX object src/CMakeFiles/lmmsobjs.dir/gui/modals/SetupDialog.cpp.o
[ 89%] Building CXX object src/CMakeFiles/lmmsobjs.dir/gui/modals/VersionedSaveDialog.cpp.o
[ 89%] Building CXX object src/CMakeFiles/lmmsobjs.dir/gui/tracks/AutomationTrackView.cpp.o
[ 94%] Building CXX object src/CMakeFiles/lmmsobjs.dir/gui/tracks/FadeButton.cpp.o
[ 94%] Building CXX object src/CMakeFiles/lmmsobjs.dir/gui/tracks/InstrumentTrackView.cpp.o
[ 94%] Building CXX object src/CMakeFiles/lmmsobjs.dir/gui/tracks/PatternTrackView.cpp.o
[ 94%] Building CXX object src/CMakeFiles/lmmsobjs.dir/gui/tracks/SampleTrackView.cpp.o
[ 94%] Building CXX object src/CMakeFiles/lmmsobjs.dir/gui/tracks/TrackContentWidget.cpp.o
[ 94%] Building CXX object src/CMakeFiles/lmmsobjs.dir/gui/tracks/TrackLabelButton.cpp.o
[ 94%] Building CXX object src/CMakeFiles/lmmsobjs.dir/gui/tracks/TrackOperationsWidget.cpp.o
[ 94%] Building CXX object src/CMakeFiles/lmmsobjs.dir/gui/tracks/TrackRenameLineEdit.cpp.o
[ 94%] Building CXX object src/CMakeFiles/lmmsobjs.dir/gui/tracks/TrackGrip.cpp.o
[ 94%] Building CXX object src/CMakeFiles/lmmsobjs.dir/gui/tracks/TrackView.cpp.o
[ 94%] Building CXX object src/CMakeFiles/lmmsobjs.dir/gui/widgets/AutomatableButton.cpp.o
[ 94%] Building CXX object src/CMakeFiles/lmmsobjs.dir/gui/widgets/AutomatableSlider.cpp.o
[ 94%] Building CXX object src/CMakeFiles/lmmsobjs.dir/gui/widgets/BarModelEditor.cpp.o
[ 94%] Building CXX object src/CMakeFiles/lmmsobjs.dir/gui/widgets/CPULoadWidget.cpp.o
[ 94%] Building CXX object src/CMakeFiles/lmmsobjs.dir/gui/widgets/CaptionMenu.cpp.o
[ 94%] Building CXX object src/CMakeFiles/lmmsobjs.dir/gui/widgets/ComboBox.cpp.o
[ 94%] Building CXX object src/CMakeFiles/lmmsobjs.dir/gui/widgets/Draggable.cpp.o
[ 94%] Building CXX object src/CMakeFiles/lmmsobjs.dir/gui/widgets/Fader.cpp.o
[ 94%] Building CXX object src/CMakeFiles/lmmsobjs.dir/gui/widgets/FloatModelEditorBase.cpp.o
[ 94%] Building CXX object src/CMakeFiles/lmmsobjs.dir/gui/widgets/Graph.cpp.o
[ 94%] Building CXX object src/CMakeFiles/lmmsobjs.dir/gui/widgets/GroupBox.cpp.o
[ 94%] Building CXX object src/CMakeFiles/lmmsobjs.dir/gui/widgets/Knob.cpp.o
[ 94%] Building CXX object src/CMakeFiles/lmmsobjs.dir/gui/widgets/LcdFloatSpinBox.cpp.o
[ 94%] Building CXX object src/CMakeFiles/lmmsobjs.dir/gui/widgets/LcdSpinBox.cpp.o
[ 94%] Building CXX object src/CMakeFiles/lmmsobjs.dir/gui/widgets/LcdWidget.cpp.o
[ 94%] Building CXX object src/CMakeFiles/lmmsobjs.dir/gui/widgets/LedCheckBox.cpp.o
[ 94%] Building CXX object src/CMakeFiles/lmmsobjs.dir/gui/widgets/LeftRightNav.cpp.o
[ 94%] Building CXX object src/CMakeFiles/lmmsobjs.dir/gui/widgets/MeterDialog.cpp.o
[ 94%] Building CXX object src/CMakeFiles/lmmsobjs.dir/gui/widgets/MixerChannelLcdSpinBox.cpp.o
[ 94%] Building CXX object src/CMakeFiles/lmmsobjs.dir/gui/widgets/NStateButton.cpp.o
[ 94%] Building CXX object src/CMakeFiles/lmmsobjs.dir/gui/widgets/Oscilloscope.cpp.o
[ 94%] Building CXX object src/CMakeFiles/lmmsobjs.dir/gui/widgets/PeakIndicator.cpp.o
[ 94%] Building CXX object src/CMakeFiles/lmmsobjs.dir/gui/widgets/PixmapButton.cpp.o
[100%] Building CXX object src/CMakeFiles/lmmsobjs.dir/gui/widgets/SimpleTextFloat.cpp.o
[100%] Building CXX object src/CMakeFiles/lmmsobjs.dir/gui/widgets/TabBar.cpp.o
[100%] Building CXX object src/CMakeFiles/lmmsobjs.dir/gui/widgets/TabWidget.cpp.o
[100%] Building CXX object src/CMakeFiles/lmmsobjs.dir/gui/widgets/TempoSyncBarModelEditor.cpp.o
[100%] Building CXX object src/CMakeFiles/lmmsobjs.dir/gui/widgets/TempoSyncKnob.cpp.o
[100%] Building CXX object src/CMakeFiles/lmmsobjs.dir/gui/widgets/TextFloat.cpp.o
[100%] Building CXX object src/CMakeFiles/lmmsobjs.dir/gui/widgets/TimeDisplayWidget.cpp.o
[100%] Building CXX object src/CMakeFiles/lmmsobjs.dir/gui/widgets/ToolButton.cpp.o
[100%] Building CXX object src/CMakeFiles/lmmsobjs.dir/gui/TelemetryConsentDialog.cpp.o
[100%] Building CXX object src/CMakeFiles/lmmsobjs.dir/tracks/AutomationTrack.cpp.o
[100%] Building CXX object src/CMakeFiles/lmmsobjs.dir/tracks/InstrumentTrack.cpp.o
[100%] Building CXX object src/CMakeFiles/lmmsobjs.dir/tracks/MidiClip.cpp.o
[100%] Building CXX object src/CMakeFiles/lmmsobjs.dir/tracks/PatternTrack.cpp.o
[100%] Building CXX object src/CMakeFiles/lmmsobjs.dir/tracks/SampleTrack.cpp.o
[100%] Building CXX object src/CMakeFiles/lmmsobjs.dir/tracks/TrackFolder.cpp.o
[100%] Building CXX object src/CMakeFiles/lmmsobjs.dir/common/RemotePluginBase.cpp.o
[100%] Building CXX object src/CMakeFiles/lmmsobjs.dir/common/SharedMemory.cpp.o
[100%] Building CXX object src/CMakeFiles/lmmsobjs.dir/common/SystemSemaphore.cpp.o
[100%] Building CXX object src/CMakeFiles/lmmsobjs.dir/qrc_lmms.cpp.o
[100%] Built target lmmsobjs
[100%] Built target zene_autogen_timestamp_deps
[100%] Automatic MOC and UIC for target zene
[100%] Built target zene_autogen
[100%] Building CXX object src/CMakeFiles/zene.dir/core/main.cpp.o
[100%] Building CXX object src/CMakeFiles/zene.dir/zene_autogen/mocs_compilation.cpp.o
[100%] Linking CXX executable ../zene
/usr/bin/ld: libzene_api.a(ControlRegistryRegistrations.cpp.o): in function `lmms::registerControlCommands(lmms::ControlRegistry&)':
/home/kruzzzzy/Documents/AI_KOS_PROJECT/projects/zene-studio-program/zene-706/src/core/ControlRegistryRegistrations.cpp:105:(.text+0xb1): undefined reference to `lmms::registerSampleEditCommands(lmms::ControlRegistry&)'
collect2: error: ld returned 1 exit status
gmake[3]: *** [src/CMakeFiles/zene.dir/build.make:1196: zene] Error 1
gmake[2]: *** [CMakeFiles/Makefile2:3304: src/CMakeFiles/zene.dir/all] Error 2
gmake[1]: *** [CMakeFiles/Makefile2:3311: src/CMakeFiles/zene.dir/rule] Error 2
gmake: *** [Makefile:254: zene] Error 2
EXIT=2
