file-length-gate: whole-tree scope (every source in tests/all-sources.txt; upstream files are grandfathered, see docs/CONVENTIONS.md)
file-length-gate: 1262 all-scope sources measured; 120 exceed 500 lines

  lines  file
  15664  plugins/LadspaEffect/caps/dsp/tonestack/vs_tab.h
  5947   src/gui/editors/PianoRoll.cpp
  2715   plugins/LadspaEffect/caps/waves/money.h
  2645   plugins/VstBase/RemoteVstPlugin.cpp
  2349   src/core/DataFile.cpp
  2328   src/gui/editors/AutomationEditor.cpp
  2116   src/core/Mixer.cpp
  1928   src/gui/MainWindow.cpp
  1856   plugins/Monstro/Monstro.cpp
  1776   src/core/Song.cpp
  1513   src/gui/modals/SetupDialog.cpp
  1474   src/gui/clips/ClipView.cpp
  1362   src/core/main.cpp
  1350   src/gui/FileBrowser.cpp
  1288   plugins/GigPlayer/GigPlayer.cpp
  1286   plugins/Watsyn/Watsyn.cpp
  1245   plugins/Sf2Player/Sf2Player.cpp
  1240   src/tracks/InstrumentTrack.cpp
  1230   src/core/AutomationClip.cpp
  1213   plugins/Vestige/Vestige.cpp

REGRESSION: include/AutomatableModel.h grew 514 -> 623 lines
REGRESSION: include/Mixer.h grew 502 -> 562 lines
REGRESSION: include/Song.h grew 539 -> 587 lines
REGRESSION: plugins/LadspaEffect/LadspaEffect.cpp grew 556 -> 592 lines
REGRESSION: plugins/MidiImport/MidiImport.cpp grew 595 -> 598 lines
REGRESSION: plugins/Vst3Effect/Vst3Host.cpp grew 714 -> 800 lines
REGRESSION: src/core/AudioEngine.cpp grew 974 -> 1039 lines
REGRESSION: src/core/AutomatableModel.cpp grew 761 -> 946 lines
REGRESSION: src/core/ConfigManager.cpp grew 783 -> 889 lines
REGRESSION: src/core/DataFile.cpp grew 2239 -> 2349 lines
REGRESSION: new file over 500 lines: src/core/EffectChain.cpp (505)
REGRESSION: src/core/main.cpp grew 1155 -> 1362 lines
REGRESSION: src/core/midi/MidiAlsaSeq.cpp grew 706 -> 718 lines
REGRESSION: src/core/Mixer.cpp grew 1725 -> 2116 lines
REGRESSION: src/core/NotePlayHandle.cpp grew 712 -> 721 lines
REGRESSION: new file over 500 lines: src/core/SampleClip.cpp (610)
REGRESSION: src/core/ScriptBindings.cpp grew 1169 -> 1174 lines
REGRESSION: src/core/Song.cpp grew 1572 -> 1776 lines
REGRESSION: src/core/Track.cpp grew 670 -> 726 lines
REGRESSION: src/gui/editors/PianoRoll.cpp grew 5939 -> 5947 lines
REGRESSION: src/gui/MainWindow.cpp grew 1800 -> 1928 lines
REGRESSION: src/gui/widgets/Fader.cpp grew 753 -> 766 lines
REGRESSION: src/tracks/InstrumentTrack.cpp grew 1116 -> 1240 lines
REGRESSION: new file over 500 lines: tests/src/core/AutomationModesTest.cpp (652)
REGRESSION: new file over 500 lines: tests/src/core/RackTest.cpp (701)
REGRESSION: tests/src/core/ScriptEngineTest.cpp grew 592 -> 627 lines
REGRESSION: new file over 500 lines: tests/src/core/SessionSchedulerTest.cpp (549)
REGRESSION: new file over 500 lines: tests/src/core/VcaGroupTest.cpp (1022)
REGRESSION: new file over 500 lines: tests/src/plugins/Vst3InstrumentIntegrationTest.cpp (616)
REGRESSION: new file over 500 lines: tests/src/tracks/SampleClipWindowTest.cpp (511)
FAIL: file-length ratchet regressed (check mode: baseline not written)
