
FAIL: coverage regressed; add or fix tests before merging.
REGRESSION  include/AudioPlugin.h: 85.48% -> 71.43%  (14 of 98 covered lines lost; legacy row: no instrumented-line count was recorded when this baseline was written, so the recorded percentage cannot be compared like-for-like (re-record it with --reanchor-file and a reason))
REGRESSION  include/AudioPorts.h: 91.43% -> 56.65%  (81 of 233 covered lines lost; legacy row: no instrumented-line count was recorded when this baseline was written, so the recorded percentage cannot be compared like-for-like (re-record it with --reanchor-file and a reason))
REGRESSION  include/RemotePluginAudioPorts.h: 100.00% -> 79.52%  (17 of 83 covered lines lost; legacy row: no instrumented-line count was recorded when this baseline was written, so the recorded percentage cannot be compared like-for-like (re-record it with --reanchor-file and a reason))
improved    src/core/ScriptBindings.cpp: 97.52% -> 97.80%
improved    src/core/ScriptEngine.cpp: 90.40% -> 90.98%
new         include/LatencyCompensation.h: 100.00%
new         include/LoudnessReport.h: 100.00%
new         include/LufsMeter.h: 100.00%
new         include/PluginScanCache.h: 100.00%
new         include/ProjectRecovery.h: 100.00%
new         include/SampleWindow.h: 100.00%
new         include/ScriptLuaQtTypes.h: 86.67%
new         include/ScriptPackage.h: 100.00%
new         src/core/CrashReporter.cpp: 80.93%
new         src/core/LatencyCompensation.cpp: 86.59%
new         src/core/LoudnessReport.cpp: 85.56%
new         src/core/LufsMeter.cpp: 100.00%
new         src/core/MidiLearn.cpp: 95.95%
new         src/core/NoteRandom.cpp: 100.00%
new         src/core/NoteTransform.cpp: 97.39%
new         src/core/PluginScanCache.cpp: 88.55%
new         src/core/ProjectRecovery.cpp: 96.43%
new         src/core/ScriptApiVersion.cpp: 100.00%
new         src/core/ScriptCommandQueue.cpp: 100.00%
new         src/core/ScriptConsole.cpp: 100.00%
new         src/core/ScriptPackage.cpp: 98.08%
new         src/gui/MidiLearnGui.cpp: 86.00%
new         tests/src/core/ClipSerialisationTest.cpp: 98.89%
new         tests/src/core/LufsMeterTest.cpp: 99.47%
new         tests/src/core/MidiLearnTest.cpp: 98.31%
new         tests/src/core/StemExportTest.cpp: 100.00%
new         tests/src/core/StemExportTestSupport.h: 94.71%
new         tests/src/tracks/SampleClipWindowTest.cpp: 100.00%
unmeasured-by-config  include/StemSeparation/StemSeparator.h: exists and is in scope but this build compiled no translation unit for it (baseline entry PRESERVED, not dropped)
unmeasured-by-config  include/StemSeparation/StemTypes.h: exists and is in scope but this build compiled no translation unit for it (baseline entry PRESERVED, not dropped)
unmeasured-by-config  include/StemSplitController.h: exists and is in scope but this build compiled no translation unit for it (baseline entry PRESERVED, not dropped)
unmeasured-by-config  src/core/ExternalProcessStemSeparator.cpp: exists and is in scope but this build compiled no translation unit for it (baseline entry PRESERVED, not dropped)
unmeasured-by-config  src/core/StemJobManager.cpp: exists and is in scope but this build compiled no translation unit for it (baseline entry PRESERVED, not dropped)
unmeasured-by-config  src/core/StemModelStore.cpp: exists and is in scope but this build compiled no translation unit for it (baseline entry PRESERVED, not dropped)
unmeasured-by-config  src/core/StemTrackBuilder.cpp: exists and is in scope but this build compiled no translation unit for it (baseline entry PRESERVED, not dropped)
unmeasured-by-config  src/gui/StemSplitController.cpp: exists and is in scope but this build compiled no translation unit for it (baseline entry PRESERVED, not dropped)
note: 39 baseline row(s) have no recorded instrumented-line count and were compared with the pre-2026-09-12 arithmetic: include/AudioBus.h, include/AudioPlugin.h, include/AudioPorts.h, include/AudioPortsModel.h, include/DpiHelper.h ...

tracefile line coverage: 84.34%  (4523/5363 lines over 67 files)
entry floor: 50.00% for files not yet in the baseline (COVERAGE_ENTRY_FLOOR; 0 declared exemption(s))
scope: 139 entries in tests/fork-sources.txt; 67 produced a record in this capture; 72 did not
       the line-coverage number above is a claim about those 67 files, NOT about the 139-entry scope
       (per-entry reason for the gap: python3 docs/coverage-green/classify-scope.py build-coverage/coverage/coverage-fork.info <build-dir>)
baseline-scope line coverage: 76.19%  (2298/3016 lines over 39 files in the baseline)
